[   14836ms] [ERROR] Failed to load resource: the server responded with a status of 400 () @ https://ascendtms.com/api/org/settings/org.css:0
[   14877ms] [WARNING] Google Maps JavaScript API has been loaded directly without loading=async. This can result in suboptimal performance. For best-practice loading patterns please see https://goo.gle/js-api-loading @ https://maps.googleapis.com/maps/api/js?v=3.43&libraries=places&key=AIzaSyA5U2kg0xaQr1Udz2bFVYtMbo7X88DArRg:2489
[   15149ms] [WARNING] Deprecation warning: Accessing Moment through the global scope is deprecated, and will be removed in an upcoming release. @ https://ascendtms.com/source.min.js?2b45b8:0
[   15406ms] [LOG] %c

       ,~"~,   
      /^^^^^\   You found an egg! We've hidden more. Try to find them all.
     :^^^^^^^:  
     |^^^^^^^|  We're looking to hire talented and curious individuals like
     :^^^^^^^:  you. Send your credentials to jobs@inmotionglobal.com and
      \^^^^^/   let us know what eggs you collected.
       `~~~`
      Donald font-family: Menlo, monospace @ https://ascendtms.com/login.html:1325
[   15416ms] [VERBOSE] [DOM] Input elements should have autocomplete attributes (suggested: "current-password"): (More info: https://goo.gl/9p2vKq) %o @ https://ascendtms.com/login.html:0
[   15416ms] [VERBOSE] [DOM] Input elements should have autocomplete attributes (suggested: "new-password"): (More info: https://goo.gl/9p2vKq) %o @ https://ascendtms.com/login.html:0
[   15416ms] [VERBOSE] [DOM] Input elements should have autocomplete attributes (suggested: "new-password"): (More info: https://goo.gl/9p2vKq) %o @ https://ascendtms.com/login.html:0
[   15416ms] [VERBOSE] [DOM] Input elements should have autocomplete attributes (suggested: "new-password"): (More info: https://goo.gl/9p2vKq) %o @ https://ascendtms.com/login.html:0
[   15416ms] [VERBOSE] [DOM] Input elements should have autocomplete attributes (suggested: "new-password"): (More info: https://goo.gl/9p2vKq) %o @ https://ascendtms.com/login.html:0
[   24361ms] [WARNING] Google Maps JavaScript API has been loaded directly without loading=async. This can result in suboptimal performance. For best-practice loading patterns please see https://goo.gle/js-api-loading @ https://maps.googleapis.com/maps/api/js?v=3.43&libraries=places&key=AIzaSyA5U2kg0xaQr1Udz2bFVYtMbo7X88DArRg:2489
[   24397ms] [LOG] %c

       ,~"~,   
      /^^^^^\   You found an egg! We've hidden more. Try to find them all.
     :^^^^^^^:  
     |^^^^^^^|  We're looking to hire talented and curious individuals like
     :^^^^^^^:  you. Send your credentials to jobs@inmotionglobal.com and
      \^^^^^/   let us know what eggs you collected.
       `~~~`
      Russell font-family: Menlo, monospace @ https://ascendtms.com/app/atms_harness.js:8
[   24405ms] [WARNING] Deprecation warning: Accessing Moment through the global scope is deprecated, and will be removed in an upcoming release. @ https://ascendtms.com/source.min.js?2b45b8:0
[   24589ms] [ERROR] Failed to load resource: net::ERR_SSL_PROTOCOL_ERROR @ https://ascendtms.com:80/socket.io/?EIO=3&transport=polling&t=1782454922067-0:0
[   25571ms] [WARNING] google.maps.DirectionsService is deprecated as of February 25th, 2026. Please use google.maps.routes.Route.computeRoutes instead. At this time, google.maps.DirectionsService is not scheduled to be discontinued, but google.maps.routes.Route.computeRoutes is recommended over google.maps.DirectionsService.route. While google.maps.DirectionsService will continue to receive bug fixes for any major regressions, existing bugs in google.maps.DirectionsService will not be addressed. At least 12 months notice will be given before support is discontinued. Please see https://developers.google.com/maps/legacy for additional details and https://developers.google.com/maps/documentation/javascript/routes/routes-js-migration for the migration guide. @ https://maps.googleapis.com/maps/api/js?v=3.43&libraries=places&key=AIzaSyA5U2kg0xaQr1Udz2bFVYtMbo7X88DArRg:2579
[   29370ms] [WARNING] Google Maps JavaScript API warning: RetiredVersion https://developers.google.com/maps/documentation/javascript/error-messages#retired-version @ https://maps.googleapis.com/maps/api/js?v=3.43&libraries=places&key=AIzaSyA5U2kg0xaQr1Udz2bFVYtMbo7X88DArRg:55
[  312793ms] [ERROR] Network Reconnect @ https://ascendtms.com/source.min.js?2b45b8:0
[  312962ms] TypeError: Cannot read properties of undefined (reading 'apply')
    at Socket.onack (https://ascendtms.com/socket.io/socket.io.js:920:6)
    at Socket.onpacket (https://ascendtms.com/socket.io/socket.io.js:845:12)
    at Manager.<anonymous> (https://ascendtms.com/socket.io/socket.io.js:1197:15)
    at Emitter.emit (https://ascendtms.com/socket.io/socket.io.js:1335:20)
    at Manager.ondecoded (https://ascendtms.com/socket.io/socket.io.js:395:8)
    at Decoder.<anonymous> (https://ascendtms.com/socket.io/socket.io.js:1197:15)
    at Emitter.emit (https://ascendtms.com/socket.io/socket.io.js:1335:20)
    at Decoder.add (https://ascendtms.com/socket.io/socket.io.js:5946:12)
    at Manager.ondata (https://ascendtms.com/socket.io/socket.io.js:385:16)
    at Socket.<anonymous> (https://ascendtms.com/socket.io/socket.io.js:1197:15)
[  313149ms] TypeError: Cannot read properties of undefined (reading 'apply')
    at Socket.onack (https://ascendtms.com/socket.io/socket.io.js:920:6)
    at Socket.onpacket (https://ascendtms.com/socket.io/socket.io.js:845:12)
    at Manager.<anonymous> (https://ascendtms.com/socket.io/socket.io.js:1197:15)
    at Emitter.emit (https://ascendtms.com/socket.io/socket.io.js:1335:20)
    at Manager.ondecoded (https://ascendtms.com/socket.io/socket.io.js:395:8)
    at Decoder.<anonymous> (https://ascendtms.com/socket.io/socket.io.js:1197:15)
    at Emitter.emit (https://ascendtms.com/socket.io/socket.io.js:1335:20)
    at Decoder.add (https://ascendtms.com/socket.io/socket.io.js:5946:12)
    at Manager.ondata (https://ascendtms.com/socket.io/socket.io.js:385:16)
    at Socket.<anonymous> (https://ascendtms.com/socket.io/socket.io.js:1197:15)
[  313388ms] TypeError: Cannot read properties of undefined (reading 'apply')
    at Socket.onack (https://ascendtms.com/socket.io/socket.io.js:920:6)
    at Socket.onpacket (https://ascendtms.com/socket.io/socket.io.js:845:12)
    at Manager.<anonymous> (https://ascendtms.com/socket.io/socket.io.js:1197:15)
    at Emitter.emit (https://ascendtms.com/socket.io/socket.io.js:1335:20)
    at Manager.ondecoded (https://ascendtms.com/socket.io/socket.io.js:395:8)
    at Decoder.<anonymous> (https://ascendtms.com/socket.io/socket.io.js:1197:15)
    at Emitter.emit (https://ascendtms.com/socket.io/socket.io.js:1335:20)
    at Decoder.add (https://ascendtms.com/socket.io/socket.io.js:5946:12)
    at Manager.ondata (https://ascendtms.com/socket.io/socket.io.js:385:16)
    at Socket.<anonymous> (https://ascendtms.com/socket.io/socket.io.js:1197:15)
[  313393ms] TypeError: Cannot read properties of undefined (reading 'apply')
    at Socket.onack (https://ascendtms.com/socket.io/socket.io.js:920:6)
    at Socket.onpacket (https://ascendtms.com/socket.io/socket.io.js:845:12)
    at Manager.<anonymous> (https://ascendtms.com/socket.io/socket.io.js:1197:15)
    at Emitter.emit (https://ascendtms.com/socket.io/socket.io.js:1335:20)
    at Manager.ondecoded (https://ascendtms.com/socket.io/socket.io.js:395:8)
    at Decoder.<anonymous> (https://ascendtms.com/socket.io/socket.io.js:1197:15)
    at Emitter.emit (https://ascendtms.com/socket.io/socket.io.js:1335:20)
    at Decoder.add (https://ascendtms.com/socket.io/socket.io.js:5946:12)
    at Manager.ondata (https://ascendtms.com/socket.io/socket.io.js:385:16)
    at Socket.<anonymous> (https://ascendtms.com/socket.io/socket.io.js:1197:15)
[  313445ms] TypeError: Cannot read properties of undefined (reading 'apply')
    at Socket.onack (https://ascendtms.com/socket.io/socket.io.js:920:6)
    at Socket.onpacket (https://ascendtms.com/socket.io/socket.io.js:845:12)
    at Manager.<anonymous> (https://ascendtms.com/socket.io/socket.io.js:1197:15)
    at Emitter.emit (https://ascendtms.com/socket.io/socket.io.js:1335:20)
    at Manager.ondecoded (https://ascendtms.com/socket.io/socket.io.js:395:8)
    at Decoder.<anonymous> (https://ascendtms.com/socket.io/socket.io.js:1197:15)
    at Emitter.emit (https://ascendtms.com/socket.io/socket.io.js:1335:20)
    at Decoder.add (https://ascendtms.com/socket.io/socket.io.js:5946:12)
    at Manager.ondata (https://ascendtms.com/socket.io/socket.io.js:385:16)
    at Socket.<anonymous> (https://ascendtms.com/socket.io/socket.io.js:1197:15)
[  313449ms] TypeError: Cannot read properties of undefined (reading 'apply')
    at Socket.onack (https://ascendtms.com/socket.io/socket.io.js:920:6)
    at Socket.onpacket (https://ascendtms.com/socket.io/socket.io.js:845:12)
    at Manager.<anonymous> (https://ascendtms.com/socket.io/socket.io.js:1197:15)
    at Emitter.emit (https://ascendtms.com/socket.io/socket.io.js:1335:20)
    at Manager.ondecoded (https://ascendtms.com/socket.io/socket.io.js:395:8)
    at Decoder.<anonymous> (https://ascendtms.com/socket.io/socket.io.js:1197:15)
    at Emitter.emit (https://ascendtms.com/socket.io/socket.io.js:1335:20)
    at Decoder.add (https://ascendtms.com/socket.io/socket.io.js:5946:12)
    at Manager.ondata (https://ascendtms.com/socket.io/socket.io.js:385:16)
    at Socket.<anonymous> (https://ascendtms.com/socket.io/socket.io.js:1197:15)
[  313762ms] TypeError: Cannot read properties of undefined (reading 'apply')
    at Socket.onack (https://ascendtms.com/socket.io/socket.io.js:920:6)
    at Socket.onpacket (https://ascendtms.com/socket.io/socket.io.js:845:12)
    at Manager.<anonymous> (https://ascendtms.com/socket.io/socket.io.js:1197:15)
    at Emitter.emit (https://ascendtms.com/socket.io/socket.io.js:1335:20)
    at Manager.ondecoded (https://ascendtms.com/socket.io/socket.io.js:395:8)
    at Decoder.<anonymous> (https://ascendtms.com/socket.io/socket.io.js:1197:15)
    at Emitter.emit (https://ascendtms.com/socket.io/socket.io.js:1335:20)
    at Decoder.add (https://ascendtms.com/socket.io/socket.io.js:5946:12)
    at Manager.ondata (https://ascendtms.com/socket.io/socket.io.js:385:16)
    at Socket.<anonymous> (https://ascendtms.com/socket.io/socket.io.js:1197:15)
[  313764ms] TypeError: Cannot read properties of undefined (reading 'apply')
    at Socket.onack (https://ascendtms.com/socket.io/socket.io.js:920:6)
    at Socket.onpacket (https://ascendtms.com/socket.io/socket.io.js:845:12)
    at Manager.<anonymous> (https://ascendtms.com/socket.io/socket.io.js:1197:15)
    at Emitter.emit (https://ascendtms.com/socket.io/socket.io.js:1335:20)
    at Manager.ondecoded (https://ascendtms.com/socket.io/socket.io.js:395:8)
    at Decoder.<anonymous> (https://ascendtms.com/socket.io/socket.io.js:1197:15)
    at Emitter.emit (https://ascendtms.com/socket.io/socket.io.js:1335:20)
    at Decoder.add (https://ascendtms.com/socket.io/socket.io.js:5946:12)
    at Manager.ondata (https://ascendtms.com/socket.io/socket.io.js:385:16)
    at Socket.<anonymous> (https://ascendtms.com/socket.io/socket.io.js:1197:15)
[  313768ms] TypeError: Cannot read properties of undefined (reading 'apply')
    at Socket.onack (https://ascendtms.com/socket.io/socket.io.js:920:6)
    at Socket.onpacket (https://ascendtms.com/socket.io/socket.io.js:845:12)
    at Manager.<anonymous> (https://ascendtms.com/socket.io/socket.io.js:1197:15)
    at Emitter.emit (https://ascendtms.com/socket.io/socket.io.js:1335:20)
    at Manager.ondecoded (https://ascendtms.com/socket.io/socket.io.js:395:8)
    at Decoder.<anonymous> (https://ascendtms.com/socket.io/socket.io.js:1197:15)
    at Emitter.emit (https://ascendtms.com/socket.io/socket.io.js:1335:20)
    at Decoder.add (https://ascendtms.com/socket.io/socket.io.js:5946:12)
    at Manager.ondata (https://ascendtms.com/socket.io/socket.io.js:385:16)
    at Socket.<anonymous> (https://ascendtms.com/socket.io/socket.io.js:1197:15)
[  313768ms] TypeError: Cannot read properties of undefined (reading 'apply')
    at Socket.onack (https://ascendtms.com/socket.io/socket.io.js:920:6)
    at Socket.onpacket (https://ascendtms.com/socket.io/socket.io.js:845:12)
    at Manager.<anonymous> (https://ascendtms.com/socket.io/socket.io.js:1197:15)
    at Emitter.emit (https://ascendtms.com/socket.io/socket.io.js:1335:20)
    at Manager.ondecoded (https://ascendtms.com/socket.io/socket.io.js:395:8)
    at Decoder.<anonymous> (https://ascendtms.com/socket.io/socket.io.js:1197:15)
    at Emitter.emit (https://ascendtms.com/socket.io/socket.io.js:1335:20)
    at Decoder.add (https://ascendtms.com/socket.io/socket.io.js:5946:12)
    at Manager.ondata (https://ascendtms.com/socket.io/socket.io.js:385:16)
    at Socket.<anonymous> (https://ascendtms.com/socket.io/socket.io.js:1197:15)
[  313773ms] TypeError: Cannot read properties of undefined (reading 'apply')
    at Socket.onack (https://ascendtms.com/socket.io/socket.io.js:920:6)
    at Socket.onpacket (https://ascendtms.com/socket.io/socket.io.js:845:12)
    at Manager.<anonymous> (https://ascendtms.com/socket.io/socket.io.js:1197:15)
    at Emitter.emit (https://ascendtms.com/socket.io/socket.io.js:1335:20)
    at Manager.ondecoded (https://ascendtms.com/socket.io/socket.io.js:395:8)
    at Decoder.<anonymous> (https://ascendtms.com/socket.io/socket.io.js:1197:15)
    at Emitter.emit (https://ascendtms.com/socket.io/socket.io.js:1335:20)
    at Decoder.add (https://ascendtms.com/socket.io/socket.io.js:5946:12)
    at Manager.ondata (https://ascendtms.com/socket.io/socket.io.js:385:16)
    at Socket.<anonymous> (https://ascendtms.com/socket.io/socket.io.js:1197:15)
[  313773ms] TypeError: Cannot read properties of undefined (reading 'apply')
    at Socket.onack (https://ascendtms.com/socket.io/socket.io.js:920:6)
    at Socket.onpacket (https://ascendtms.com/socket.io/socket.io.js:845:12)
    at Manager.<anonymous> (https://ascendtms.com/socket.io/socket.io.js:1197:15)
    at Emitter.emit (https://ascendtms.com/socket.io/socket.io.js:1335:20)
    at Manager.ondecoded (https://ascendtms.com/socket.io/socket.io.js:395:8)
    at Decoder.<anonymous> (https://ascendtms.com/socket.io/socket.io.js:1197:15)
    at Emitter.emit (https://ascendtms.com/socket.io/socket.io.js:1335:20)
    at Decoder.add (https://ascendtms.com/socket.io/socket.io.js:5946:12)
    at Manager.ondata (https://ascendtms.com/socket.io/socket.io.js:385:16)
    at Socket.<anonymous> (https://ascendtms.com/socket.io/socket.io.js:1197:15)
[  313776ms] TypeError: Cannot read properties of undefined (reading 'apply')
    at Socket.onack (https://ascendtms.com/socket.io/socket.io.js:920:6)
    at Socket.onpacket (https://ascendtms.com/socket.io/socket.io.js:845:12)
    at Manager.<anonymous> (https://ascendtms.com/socket.io/socket.io.js:1197:15)
    at Emitter.emit (https://ascendtms.com/socket.io/socket.io.js:1335:20)
    at Manager.ondecoded (https://ascendtms.com/socket.io/socket.io.js:395:8)
    at Decoder.<anonymous> (https://ascendtms.com/socket.io/socket.io.js:1197:15)
    at Emitter.emit (https://ascendtms.com/socket.io/socket.io.js:1335:20)
    at Decoder.add (https://ascendtms.com/socket.io/socket.io.js:5946:12)
    at Manager.ondata (https://ascendtms.com/socket.io/socket.io.js:385:16)
    at Socket.<anonymous> (https://ascendtms.com/socket.io/socket.io.js:1197:15)
[  313776ms] TypeError: Cannot read properties of undefined (reading 'apply')
    at Socket.onack (https://ascendtms.com/socket.io/socket.io.js:920:6)
    at Socket.onpacket (https://ascendtms.com/socket.io/socket.io.js:845:12)
    at Manager.<anonymous> (https://ascendtms.com/socket.io/socket.io.js:1197:15)
    at Emitter.emit (https://ascendtms.com/socket.io/socket.io.js:1335:20)
    at Manager.ondecoded (https://ascendtms.com/socket.io/socket.io.js:395:8)
    at Decoder.<anonymous> (https://ascendtms.com/socket.io/socket.io.js:1197:15)
    at Emitter.emit (https://ascendtms.com/socket.io/socket.io.js:1335:20)
    at Decoder.add (https://ascendtms.com/socket.io/socket.io.js:5946:12)
    at Manager.ondata (https://ascendtms.com/socket.io/socket.io.js:385:16)
    at Socket.<anonymous> (https://ascendtms.com/socket.io/socket.io.js:1197:15)
[  313776ms] TypeError: Cannot read properties of undefined (reading 'apply')
    at Socket.onack (https://ascendtms.com/socket.io/socket.io.js:920:6)
    at Socket.onpacket (https://ascendtms.com/socket.io/socket.io.js:845:12)
    at Manager.<anonymous> (https://ascendtms.com/socket.io/socket.io.js:1197:15)
    at Emitter.emit (https://ascendtms.com/socket.io/socket.io.js:1335:20)
    at Manager.ondecoded (https://ascendtms.com/socket.io/socket.io.js:395:8)
    at Decoder.<anonymous> (https://ascendtms.com/socket.io/socket.io.js:1197:15)
    at Emitter.emit (https://ascendtms.com/socket.io/socket.io.js:1335:20)
    at Decoder.add (https://ascendtms.com/socket.io/socket.io.js:5946:12)
    at Manager.ondata (https://ascendtms.com/socket.io/socket.io.js:385:16)
    at Socket.<anonymous> (https://ascendtms.com/socket.io/socket.io.js:1197:15)
[  313823ms] TypeError: Cannot read properties of undefined (reading 'apply')
    at Socket.onack (https://ascendtms.com/socket.io/socket.io.js:920:6)
    at Socket.onpacket (https://ascendtms.com/socket.io/socket.io.js:845:12)
    at Manager.<anonymous> (https://ascendtms.com/socket.io/socket.io.js:1197:15)
    at Emitter.emit (https://ascendtms.com/socket.io/socket.io.js:1335:20)
    at Manager.ondecoded (https://ascendtms.com/socket.io/socket.io.js:395:8)
    at Decoder.<anonymous> (https://ascendtms.com/socket.io/socket.io.js:1197:15)
    at Emitter.emit (https://ascendtms.com/socket.io/socket.io.js:1335:20)
    at Decoder.add (https://ascendtms.com/socket.io/socket.io.js:5946:12)
    at Manager.ondata (https://ascendtms.com/socket.io/socket.io.js:385:16)
    at Socket.<anonymous> (https://ascendtms.com/socket.io/socket.io.js:1197:15)
[  313823ms] TypeError: Cannot read properties of undefined (reading 'apply')
    at Socket.onack (https://ascendtms.com/socket.io/socket.io.js:920:6)
    at Socket.onpacket (https://ascendtms.com/socket.io/socket.io.js:845:12)
    at Manager.<anonymous> (https://ascendtms.com/socket.io/socket.io.js:1197:15)
    at Emitter.emit (https://ascendtms.com/socket.io/socket.io.js:1335:20)
    at Manager.ondecoded (https://ascendtms.com/socket.io/socket.io.js:395:8)
    at Decoder.<anonymous> (https://ascendtms.com/socket.io/socket.io.js:1197:15)
    at Emitter.emit (https://ascendtms.com/socket.io/socket.io.js:1335:20)
    at Decoder.add (https://ascendtms.com/socket.io/socket.io.js:5946:12)
    at Manager.ondata (https://ascendtms.com/socket.io/socket.io.js:385:16)
    at Socket.<anonymous> (https://ascendtms.com/socket.io/socket.io.js:1197:15)
[  313823ms] TypeError: Cannot read properties of undefined (reading 'apply')
    at Socket.onack (https://ascendtms.com/socket.io/socket.io.js:920:6)
    at Socket.onpacket (https://ascendtms.com/socket.io/socket.io.js:845:12)
    at Manager.<anonymous> (https://ascendtms.com/socket.io/socket.io.js:1197:15)
    at Emitter.emit (https://ascendtms.com/socket.io/socket.io.js:1335:20)
    at Manager.ondecoded (https://ascendtms.com/socket.io/socket.io.js:395:8)
    at Decoder.<anonymous> (https://ascendtms.com/socket.io/socket.io.js:1197:15)
    at Emitter.emit (https://ascendtms.com/socket.io/socket.io.js:1335:20)
    at Decoder.add (https://ascendtms.com/socket.io/socket.io.js:5946:12)
    at Manager.ondata (https://ascendtms.com/socket.io/socket.io.js:385:16)
    at Socket.<anonymous> (https://ascendtms.com/socket.io/socket.io.js:1197:15)
[  313823ms] TypeError: Cannot read properties of undefined (reading 'apply')
    at Socket.onack (https://ascendtms.com/socket.io/socket.io.js:920:6)
    at Socket.onpacket (https://ascendtms.com/socket.io/socket.io.js:845:12)
    at Manager.<anonymous> (https://ascendtms.com/socket.io/socket.io.js:1197:15)
    at Emitter.emit (https://ascendtms.com/socket.io/socket.io.js:1335:20)
    at Manager.ondecoded (https://ascendtms.com/socket.io/socket.io.js:395:8)
    at Decoder.<anonymous> (https://ascendtms.com/socket.io/socket.io.js:1197:15)
    at Emitter.emit (https://ascendtms.com/socket.io/socket.io.js:1335:20)
    at Decoder.add (https://ascendtms.com/socket.io/socket.io.js:5946:12)
    at Manager.ondata (https://ascendtms.com/socket.io/socket.io.js:385:16)
    at Socket.<anonymous> (https://ascendtms.com/socket.io/socket.io.js:1197:15)
[  313823ms] TypeError: Cannot read properties of undefined (reading 'apply')
    at Socket.onack (https://ascendtms.com/socket.io/socket.io.js:920:6)
    at Socket.onpacket (https://ascendtms.com/socket.io/socket.io.js:845:12)
    at Manager.<anonymous> (https://ascendtms.com/socket.io/socket.io.js:1197:15)
    at Emitter.emit (https://ascendtms.com/socket.io/socket.io.js:1335:20)
    at Manager.ondecoded (https://ascendtms.com/socket.io/socket.io.js:395:8)
    at Decoder.<anonymous> (https://ascendtms.com/socket.io/socket.io.js:1197:15)
    at Emitter.emit (https://ascendtms.com/socket.io/socket.io.js:1335:20)
    at Decoder.add (https://ascendtms.com/socket.io/socket.io.js:5946:12)
    at Manager.ondata (https://ascendtms.com/socket.io/socket.io.js:385:16)
    at Socket.<anonymous> (https://ascendtms.com/socket.io/socket.io.js:1197:15)
[  313823ms] TypeError: Cannot read properties of undefined (reading 'apply')
    at Socket.onack (https://ascendtms.com/socket.io/socket.io.js:920:6)
    at Socket.onpacket (https://ascendtms.com/socket.io/socket.io.js:845:12)
    at Manager.<anonymous> (https://ascendtms.com/socket.io/socket.io.js:1197:15)
    at Emitter.emit (https://ascendtms.com/socket.io/socket.io.js:1335:20)
    at Manager.ondecoded (https://ascendtms.com/socket.io/socket.io.js:395:8)
    at Decoder.<anonymous> (https://ascendtms.com/socket.io/socket.io.js:1197:15)
    at Emitter.emit (https://ascendtms.com/socket.io/socket.io.js:1335:20)
    at Decoder.add (https://ascendtms.com/socket.io/socket.io.js:5946:12)
    at Manager.ondata (https://ascendtms.com/socket.io/socket.io.js:385:16)
    at Socket.<anonymous> (https://ascendtms.com/socket.io/socket.io.js:1197:15)
[  313823ms] TypeError: Cannot read properties of undefined (reading 'apply')
    at Socket.onack (https://ascendtms.com/socket.io/socket.io.js:920:6)
    at Socket.onpacket (https://ascendtms.com/socket.io/socket.io.js:845:12)
    at Manager.<anonymous> (https://ascendtms.com/socket.io/socket.io.js:1197:15)
    at Emitter.emit (https://ascendtms.com/socket.io/socket.io.js:1335:20)
    at Manager.ondecoded (https://ascendtms.com/socket.io/socket.io.js:395:8)
    at Decoder.<anonymous> (https://ascendtms.com/socket.io/socket.io.js:1197:15)
    at Emitter.emit (https://ascendtms.com/socket.io/socket.io.js:1335:20)
    at Decoder.add (https://ascendtms.com/socket.io/socket.io.js:5946:12)
    at Manager.ondata (https://ascendtms.com/socket.io/socket.io.js:385:16)
    at Socket.<anonymous> (https://ascendtms.com/socket.io/socket.io.js:1197:15)
[  313829ms] TypeError: Cannot read properties of undefined (reading 'apply')
    at Socket.onack (https://ascendtms.com/socket.io/socket.io.js:920:6)
    at Socket.onpacket (https://ascendtms.com/socket.io/socket.io.js:845:12)
    at Manager.<anonymous> (https://ascendtms.com/socket.io/socket.io.js:1197:15)
    at Emitter.emit (https://ascendtms.com/socket.io/socket.io.js:1335:20)
    at Manager.ondecoded (https://ascendtms.com/socket.io/socket.io.js:395:8)
    at Decoder.<anonymous> (https://ascendtms.com/socket.io/socket.io.js:1197:15)
    at Emitter.emit (https://ascendtms.com/socket.io/socket.io.js:1335:20)
    at Decoder.add (https://ascendtms.com/socket.io/socket.io.js:5946:12)
    at Manager.ondata (https://ascendtms.com/socket.io/socket.io.js:385:16)
    at Socket.<anonymous> (https://ascendtms.com/socket.io/socket.io.js:1197:15)
[  313842ms] TypeError: Cannot read properties of undefined (reading 'apply')
    at Socket.onack (https://ascendtms.com/socket.io/socket.io.js:920:6)
    at Socket.onpacket (https://ascendtms.com/socket.io/socket.io.js:845:12)
    at Manager.<anonymous> (https://ascendtms.com/socket.io/socket.io.js:1197:15)
    at Emitter.emit (https://ascendtms.com/socket.io/socket.io.js:1335:20)
    at Manager.ondecoded (https://ascendtms.com/socket.io/socket.io.js:395:8)
    at Decoder.<anonymous> (https://ascendtms.com/socket.io/socket.io.js:1197:15)
    at Emitter.emit (https://ascendtms.com/socket.io/socket.io.js:1335:20)
    at Decoder.add (https://ascendtms.com/socket.io/socket.io.js:5946:12)
    at Manager.ondata (https://ascendtms.com/socket.io/socket.io.js:385:16)
    at Socket.<anonymous> (https://ascendtms.com/socket.io/socket.io.js:1197:15)
[  313887ms] TypeError: Cannot read properties of undefined (reading 'apply')
    at Socket.onack (https://ascendtms.com/socket.io/socket.io.js:920:6)
    at Socket.onpacket (https://ascendtms.com/socket.io/socket.io.js:845:12)
    at Manager.<anonymous> (https://ascendtms.com/socket.io/socket.io.js:1197:15)
    at Emitter.emit (https://ascendtms.com/socket.io/socket.io.js:1335:20)
    at Manager.ondecoded (https://ascendtms.com/socket.io/socket.io.js:395:8)
    at Decoder.<anonymous> (https://ascendtms.com/socket.io/socket.io.js:1197:15)
    at Emitter.emit (https://ascendtms.com/socket.io/socket.io.js:1335:20)
    at Decoder.add (https://ascendtms.com/socket.io/socket.io.js:5946:12)
    at Manager.ondata (https://ascendtms.com/socket.io/socket.io.js:385:16)
    at Socket.<anonymous> (https://ascendtms.com/socket.io/socket.io.js:1197:15)
[  313916ms] TypeError: Cannot read properties of undefined (reading 'apply')
    at Socket.onack (https://ascendtms.com/socket.io/socket.io.js:920:6)
    at Socket.onpacket (https://ascendtms.com/socket.io/socket.io.js:845:12)
    at Manager.<anonymous> (https://ascendtms.com/socket.io/socket.io.js:1197:15)
    at Emitter.emit (https://ascendtms.com/socket.io/socket.io.js:1335:20)
    at Manager.ondecoded (https://ascendtms.com/socket.io/socket.io.js:395:8)
    at Decoder.<anonymous> (https://ascendtms.com/socket.io/socket.io.js:1197:15)
    at Emitter.emit (https://ascendtms.com/socket.io/socket.io.js:1335:20)
    at Decoder.add (https://ascendtms.com/socket.io/socket.io.js:5946:12)
    at Manager.ondata (https://ascendtms.com/socket.io/socket.io.js:385:16)
    at Socket.<anonymous> (https://ascendtms.com/socket.io/socket.io.js:1197:15)
[  313949ms] TypeError: Cannot read properties of undefined (reading 'apply')
    at Socket.onack (https://ascendtms.com/socket.io/socket.io.js:920:6)
    at Socket.onpacket (https://ascendtms.com/socket.io/socket.io.js:845:12)
    at Manager.<anonymous> (https://ascendtms.com/socket.io/socket.io.js:1197:15)
    at Emitter.emit (https://ascendtms.com/socket.io/socket.io.js:1335:20)
    at Manager.ondecoded (https://ascendtms.com/socket.io/socket.io.js:395:8)
    at Decoder.<anonymous> (https://ascendtms.com/socket.io/socket.io.js:1197:15)
    at Emitter.emit (https://ascendtms.com/socket.io/socket.io.js:1335:20)
    at Decoder.add (https://ascendtms.com/socket.io/socket.io.js:5946:12)
    at Manager.ondata (https://ascendtms.com/socket.io/socket.io.js:385:16)
    at Socket.<anonymous> (https://ascendtms.com/socket.io/socket.io.js:1197:15)
[  314010ms] TypeError: Cannot read properties of undefined (reading 'apply')
    at Socket.onack (https://ascendtms.com/socket.io/socket.io.js:920:6)
    at Socket.onpacket (https://ascendtms.com/socket.io/socket.io.js:845:12)
    at Manager.<anonymous> (https://ascendtms.com/socket.io/socket.io.js:1197:15)
    at Emitter.emit (https://ascendtms.com/socket.io/socket.io.js:1335:20)
    at Manager.ondecoded (https://ascendtms.com/socket.io/socket.io.js:395:8)
    at Decoder.<anonymous> (https://ascendtms.com/socket.io/socket.io.js:1197:15)
    at Emitter.emit (https://ascendtms.com/socket.io/socket.io.js:1335:20)
    at Decoder.add (https://ascendtms.com/socket.io/socket.io.js:5946:12)
    at Manager.ondata (https://ascendtms.com/socket.io/socket.io.js:385:16)
    at Socket.<anonymous> (https://ascendtms.com/socket.io/socket.io.js:1197:15)
[  314041ms] TypeError: Cannot read properties of undefined (reading 'apply')
    at Socket.onack (https://ascendtms.com/socket.io/socket.io.js:920:6)
    at Socket.onpacket (https://ascendtms.com/socket.io/socket.io.js:845:12)
    at Manager.<anonymous> (https://ascendtms.com/socket.io/socket.io.js:1197:15)
    at Emitter.emit (https://ascendtms.com/socket.io/socket.io.js:1335:20)
    at Manager.ondecoded (https://ascendtms.com/socket.io/socket.io.js:395:8)
    at Decoder.<anonymous> (https://ascendtms.com/socket.io/socket.io.js:1197:15)
    at Emitter.emit (https://ascendtms.com/socket.io/socket.io.js:1335:20)
    at Decoder.add (https://ascendtms.com/socket.io/socket.io.js:5946:12)
    at Manager.ondata (https://ascendtms.com/socket.io/socket.io.js:385:16)
    at Socket.<anonymous> (https://ascendtms.com/socket.io/socket.io.js:1197:15)
[  314115ms] TypeError: Cannot read properties of undefined (reading 'apply')
    at Socket.onack (https://ascendtms.com/socket.io/socket.io.js:920:6)
    at Socket.onpacket (https://ascendtms.com/socket.io/socket.io.js:845:12)
    at Manager.<anonymous> (https://ascendtms.com/socket.io/socket.io.js:1197:15)
    at Emitter.emit (https://ascendtms.com/socket.io/socket.io.js:1335:20)
    at Manager.ondecoded (https://ascendtms.com/socket.io/socket.io.js:395:8)
    at Decoder.<anonymous> (https://ascendtms.com/socket.io/socket.io.js:1197:15)
    at Emitter.emit (https://ascendtms.com/socket.io/socket.io.js:1335:20)
    at Decoder.add (https://ascendtms.com/socket.io/socket.io.js:5946:12)
    at Manager.ondata (https://ascendtms.com/socket.io/socket.io.js:385:16)
    at Socket.<anonymous> (https://ascendtms.com/socket.io/socket.io.js:1197:15)
[  314127ms] TypeError: Cannot read properties of undefined (reading 'apply')
    at Socket.onack (https://ascendtms.com/socket.io/socket.io.js:920:6)
    at Socket.onpacket (https://ascendtms.com/socket.io/socket.io.js:845:12)
    at Manager.<anonymous> (https://ascendtms.com/socket.io/socket.io.js:1197:15)
    at Emitter.emit (https://ascendtms.com/socket.io/socket.io.js:1335:20)
    at Manager.ondecoded (https://ascendtms.com/socket.io/socket.io.js:395:8)
    at Decoder.<anonymous> (https://ascendtms.com/socket.io/socket.io.js:1197:15)
    at Emitter.emit (https://ascendtms.com/socket.io/socket.io.js:1335:20)
    at Decoder.add (https://ascendtms.com/socket.io/socket.io.js:5946:12)
    at Manager.ondata (https://ascendtms.com/socket.io/socket.io.js:385:16)
    at Socket.<anonymous> (https://ascendtms.com/socket.io/socket.io.js:1197:15)
[  314437ms] TypeError: Cannot read properties of undefined (reading 'apply')
    at Socket.onack (https://ascendtms.com/socket.io/socket.io.js:920:6)
    at Socket.onpacket (https://ascendtms.com/socket.io/socket.io.js:845:12)
    at Manager.<anonymous> (https://ascendtms.com/socket.io/socket.io.js:1197:15)
    at Emitter.emit (https://ascendtms.com/socket.io/socket.io.js:1335:20)
    at Manager.ondecoded (https://ascendtms.com/socket.io/socket.io.js:395:8)
    at Decoder.<anonymous> (https://ascendtms.com/socket.io/socket.io.js:1197:15)
    at Emitter.emit (https://ascendtms.com/socket.io/socket.io.js:1335:20)
    at Decoder.add (https://ascendtms.com/socket.io/socket.io.js:5946:12)
    at Manager.ondata (https://ascendtms.com/socket.io/socket.io.js:385:16)
    at Socket.<anonymous> (https://ascendtms.com/socket.io/socket.io.js:1197:15)
[  314461ms] TypeError: Cannot read properties of undefined (reading 'apply')
    at Socket.onack (https://ascendtms.com/socket.io/socket.io.js:920:6)
    at Socket.onpacket (https://ascendtms.com/socket.io/socket.io.js:845:12)
    at Manager.<anonymous> (https://ascendtms.com/socket.io/socket.io.js:1197:15)
    at Emitter.emit (https://ascendtms.com/socket.io/socket.io.js:1335:20)
    at Manager.ondecoded (https://ascendtms.com/socket.io/socket.io.js:395:8)
    at Decoder.<anonymous> (https://ascendtms.com/socket.io/socket.io.js:1197:15)
    at Emitter.emit (https://ascendtms.com/socket.io/socket.io.js:1335:20)
    at Decoder.add (https://ascendtms.com/socket.io/socket.io.js:5946:12)
    at Manager.ondata (https://ascendtms.com/socket.io/socket.io.js:385:16)
    at Socket.<anonymous> (https://ascendtms.com/socket.io/socket.io.js:1197:15)
[  316894ms] TypeError: Cannot read properties of undefined (reading 'apply')
    at Socket.onack (https://ascendtms.com/socket.io/socket.io.js:920:6)
    at Socket.onpacket (https://ascendtms.com/socket.io/socket.io.js:845:12)
    at Manager.<anonymous> (https://ascendtms.com/socket.io/socket.io.js:1197:15)
    at Emitter.emit (https://ascendtms.com/socket.io/socket.io.js:1335:20)
    at Manager.ondecoded (https://ascendtms.com/socket.io/socket.io.js:395:8)
    at Decoder.<anonymous> (https://ascendtms.com/socket.io/socket.io.js:1197:15)
    at Emitter.emit (https://ascendtms.com/socket.io/socket.io.js:1335:20)
    at Decoder.add (https://ascendtms.com/socket.io/socket.io.js:5946:12)
    at Manager.ondata (https://ascendtms.com/socket.io/socket.io.js:385:16)
    at Socket.<anonymous> (https://ascendtms.com/socket.io/socket.io.js:1197:15)
[  361753ms] [LOG] %c

       ,~"~,   
      /^^^^^\   You found an egg! We've hidden more. Try to find them all.
     :^^^^^^^:  
     |^^^^^^^|  We're looking to hire talented and curious individuals like
     :^^^^^^^:  you. Send your credentials to jobs@inmotionglobal.com and
      \^^^^^/   let us know what eggs you collected.
       `~~~`
      Donald font-family: Menlo, monospace @ https://ascendtms.com/login.html:1325
[  361760ms] [VERBOSE] [DOM] Input elements should have autocomplete attributes (suggested: "current-password"): (More info: https://goo.gl/9p2vKq) %o @ https://ascendtms.com/login.html:0
[  361760ms] [VERBOSE] [DOM] Input elements should have autocomplete attributes (suggested: "new-password"): (More info: https://goo.gl/9p2vKq) %o @ https://ascendtms.com/login.html:0
[  361760ms] [VERBOSE] [DOM] Input elements should have autocomplete attributes (suggested: "new-password"): (More info: https://goo.gl/9p2vKq) %o @ https://ascendtms.com/login.html:0
[  361760ms] [VERBOSE] [DOM] Input elements should have autocomplete attributes (suggested: "new-password"): (More info: https://goo.gl/9p2vKq) %o @ https://ascendtms.com/login.html:0
[  361760ms] [VERBOSE] [DOM] Input elements should have autocomplete attributes (suggested: "new-password"): (More info: https://goo.gl/9p2vKq) %o @ https://ascendtms.com/login.html:0
[ 2892807ms] [WARNING] Google Maps JavaScript API has been loaded directly without loading=async. This can result in suboptimal performance. For best-practice loading patterns please see https://goo.gle/js-api-loading @ https://maps.googleapis.com/maps/api/js?v=3.43&libraries=places&key=AIzaSyA5U2kg0xaQr1Udz2bFVYtMbo7X88DArRg:2489
[ 2893119ms] [WARNING] Deprecation warning: Accessing Moment through the global scope is deprecated, and will be removed in an upcoming release. @ https://ascendtms.com/source.min.js?2b45b8:0
[ 2894192ms] [WARNING] google.maps.DirectionsService is deprecated as of February 25th, 2026. Please use google.maps.routes.Route.computeRoutes instead. At this time, google.maps.DirectionsService is not scheduled to be discontinued, but google.maps.routes.Route.computeRoutes is recommended over google.maps.DirectionsService.route. While google.maps.DirectionsService will continue to receive bug fixes for any major regressions, existing bugs in google.maps.DirectionsService will not be addressed. At least 12 months notice will be given before support is discontinued. Please see https://developers.google.com/maps/legacy for additional details and https://developers.google.com/maps/documentation/javascript/routes/routes-js-migration for the migration guide. @ https://maps.googleapis.com/maps/api/js?v=3.43&libraries=places&key=AIzaSyA5U2kg0xaQr1Udz2bFVYtMbo7X88DArRg:2579
[ 2897826ms] [WARNING] Google Maps JavaScript API warning: RetiredVersion https://developers.google.com/maps/documentation/javascript/error-messages#retired-version @ https://maps.googleapis.com/maps/api/js?v=3.43&libraries=places&key=AIzaSyA5U2kg0xaQr1Udz2bFVYtMbo7X88DArRg:55
[ 2932530ms] [LOG] %c

       ,~"~,   
      /^^^^^\   You found an egg! We've hidden more. Try to find them all.
     :^^^^^^^:  
     |^^^^^^^|  We're looking to hire talented and curious individuals like
     :^^^^^^^:  you. Send your credentials to jobs@inmotionglobal.com and
      \^^^^^/   let us know what eggs you collected.
       `~~~`
      Donald font-family: Menlo, monospace @ https://ascendtms.com/login.html:1325
[ 2932539ms] [VERBOSE] [DOM] Input elements should have autocomplete attributes (suggested: "current-password"): (More info: https://goo.gl/9p2vKq) %o @ https://ascendtms.com/login.html:0
[ 2932540ms] [VERBOSE] [DOM] Input elements should have autocomplete attributes (suggested: "new-password"): (More info: https://goo.gl/9p2vKq) %o @ https://ascendtms.com/login.html:0
[ 2932540ms] [VERBOSE] [DOM] Input elements should have autocomplete attributes (suggested: "new-password"): (More info: https://goo.gl/9p2vKq) %o @ https://ascendtms.com/login.html:0
[ 2932540ms] [VERBOSE] [DOM] Input elements should have autocomplete attributes (suggested: "new-password"): (More info: https://goo.gl/9p2vKq) %o @ https://ascendtms.com/login.html:0
[ 2932540ms] [VERBOSE] [DOM] Input elements should have autocomplete attributes (suggested: "new-password"): (More info: https://goo.gl/9p2vKq) %o @ https://ascendtms.com/login.html:0
